// Jest Snapshot v1, https://goo.gl/fbAQLP

exports[`<LogoLink/> should match snapshot 1`] = `
.c1 {
  display: -webkit-box;
  display: -webkit-flex;
  display: -ms-flexbox;
  display: flex;
  -webkit-text-decoration: none;
  text-decoration: none;
  color: inherit;
}

.c1 > img {
  max-height: 3rem;
}

.c0 {
  color: #0A1128;
  font-size: 6.4rem;
  text-transform: uppercase;
}

@media (max-width:768px) {
  .c0 {
    font-size: 4rem;
  }
}

<h1
  class="c0"
>
  <a
    class="c1"
    href="#target"
  >
    <img
      alt="Logo"
      src="image.jpg"
    />
  </a>
</h1>
`;
