// Jest Snapshot v1, https://goo.gl/fbAQLP

exports[`<GridText /> should render 1`] = `
.c5 {
  font-size: 6.4rem;
  text-transform: uppercase;
}

.c9 {
  font-size: 3.2rem;
  text-transform: none;
}

.c2 {
  display: grid;
  grid-template-rows: 1fr 2fr;
  gap: 3.2rem;
}

.c2 .c4 {
  margin-bottom: 1.6rem;
}

.c3 {
  margin-bottom: 3.2rem;
}

.c7 {
  display: grid;
  grid-template-columns: repeat(auto-fill,minmax(28rem,1fr));
  gap: 3.2rem;
  counter-reset: grid-counter;
}

.c8 {
  margin-bottom: 2.4rem;
}

.c8 .c4 {
  position: relative;
  left: 5rem;
}

.c8 .c4::before {
  counter-increment: grid-counter;
  content: counter(grid-counter);
  position: absolute;
  font-size: 6.4rem;
  font-weight: bold;
  -webkit-transform: rotate(10deg);
  -ms-transform: rotate(10deg);
  transform: rotate(10deg);
  left: -5rem;
  top: -2rem;
}

.c1 {
  max-width: 120rem;
  width: 100%;
  margin: 0 auto;
  padding: 3.2rem;
}

.c0 {
  background: #fff;
  color: #0A1128;
  background: #0A1128;
  color: #fff;
  min-height: 100vh;
  display: -webkit-box;
  display: -webkit-flex;
  display: -ms-flexbox;
  display: flex;
  -webkit-align-items: center;
  -webkit-box-align: center;
  -ms-flex-align: center;
  align-items: center;
}

.c6 {
  font-size: 1.6rem;
  line-height: 2.4rem;
}

@media (max-width:768px) {
  .c5 {
    font-size: 4rem;
  }
}

@media (max-width:768px) {
  .c2 {
    display: block;
  }
}

@media (max-width:768px) {
  .c7 {
    grid-template-columns: 1fr;
  }
}

<div
  class="c0"
>
  <div
    class="c1"
  >
    <div
      class="c2"
    >
      <div
        class="c3"
      >
        <h2
          class="c4 c5"
        >
          My Grid One
        </h2>
        <p
          class="c6"
        >
          Uma breve descrição
        </p>
      </div>
      <div
        class="c7"
      >
        <div
          class="c8"
        >
          <h3
            class="c4 c9"
          >
            Teste 1
          </h3>
          <p
            class="c6"
          >
            Lorem ipsum dolor sit, amet consectetur adipisicing elit. Debitis cum delectus molestias. Atque doloribus nobis laudantium esse ut, non commodi maxime distinctio veritatis unde, reprehenderit minus ad dolores provident maiores.
          </p>
        </div>
        <div
          class="c8"
        >
          <h3
            class="c4 c9"
          >
            Teste 2
          </h3>
          <p
            class="c6"
          >
            Lorem ipsum dolor sit, amet consectetur adipisicing elit. Debitis cum delectus molestias. Atque doloribus nobis laudantium esse ut, non commodi maxime distinctio veritatis unde, reprehenderit minus ad dolores provident maiores.
          </p>
        </div>
        <div
          class="c8"
        >
          <h3
            class="c4 c9"
          >
            Teste 3
          </h3>
          <p
            class="c6"
          >
            Lorem ipsum dolor sit, amet consectetur adipisicing elit. Debitis cum delectus molestias. Atque doloribus nobis laudantium esse ut, non commodi maxime distinctio veritatis unde, reprehenderit minus ad dolores provident maiores.
          </p>
        </div>
      </div>
    </div>
  </div>
</div>
`;
