// Jest Snapshot v1, https://goo.gl/fbAQLP

exports[`<Menu /> should not render links 1`] = `
.c0 {
  cursor: pointer;
  display: none;
  position: fixed;
  z-index: 6;
  right: 2rem;
  top: 2rem;
  width: 4rem;
  height: 4rem;
  background: #0A1128;
  color: #fff;
  border: none;
  border-radius: 10%;
}

.c0 svg {
  width: 3.5rem;
  height: 3.5rem;
}

.c1 {
  display: inline-block;
  vertical-align: middle;
  overflow: hidden;
}

@media (max-width:768px) {

}

@media (max-width:768px) {

}

@media (max-width:768px) {

}

@media (max-width:768px) {
  .c0 {
    display: block;
  }
}

@media (max-width:768px) {

}

<button
  aria-label="Open/Close menu"
  class="c0"
>
  <svg
    aria-label="Open menu"
    class="c1"
    fill="currentColor"
    focusable="false"
    role="img"
    viewBox="0 0 24 24"
    xmlns="http://www.w3.org/2000/svg"
  >
    <title>
      Open menu
    </title>
    <path
      d="M0 0h24v24H0V0z"
      fill="none"
    />
    <path
      d="M3 18h18v-2H3v2zm0-5h18v-2H3v2zm0-7v2h18V6H3z"
    />
  </svg>
</button>
`;

exports[`<Menu /> should render Logo and Main Menu Nav 1`] = `
.c0 {
  cursor: pointer;
  display: none;
  position: fixed;
  z-index: 6;
  right: 2rem;
  top: 2rem;
  width: 4rem;
  height: 4rem;
  background: #0A1128;
  color: #fff;
  border: none;
  border-radius: 10%;
}

.c0 svg {
  width: 3.5rem;
  height: 3.5rem;
}

.c1 {
  display: inline-block;
  vertical-align: middle;
  overflow: hidden;
}

@media (max-width:768px) {

}

@media (max-width:768px) {

}

@media (max-width:768px) {

}

@media (max-width:768px) {
  .c0 {
    display: block;
  }
}

@media (max-width:768px) {

}

<button
  aria-label="Open/Close menu"
  class="c0"
>
  <svg
    aria-label="Open menu"
    class="c1"
    fill="currentColor"
    focusable="false"
    role="img"
    viewBox="0 0 24 24"
    xmlns="http://www.w3.org/2000/svg"
  >
    <title>
      Open menu
    </title>
    <path
      d="M0 0h24v24H0V0z"
      fill="none"
    />
    <path
      d="M3 18h18v-2H3v2zm0-5h18v-2H3v2zm0-7v2h18V6H3z"
    />
  </svg>
</button>
`;
