// Jest Snapshot v1, https://goo.gl/fbAQLP

exports[`<GridTwoColumns /> should render two columns grid 1`] = `
.c5 {
  font-size: 6.4rem;
  text-transform: uppercase;
}

.c1 {
  max-width: 120rem;
  width: 100%;
  margin: 0 auto;
  padding: 3.2rem;
}

.c0 {
  background: #fff;
  color: #0A1128;
  background: #0A1128;
  color: #fff;
  min-height: 100vh;
  display: -webkit-box;
  display: -webkit-flex;
  display: -ms-flexbox;
  display: flex;
  -webkit-align-items: center;
  -webkit-box-align: center;
  -ms-flex-align: center;
  align-items: center;
}

.c6 {
  font-size: 1.6rem;
  line-height: 2.4rem;
}

.c2 {
  display: grid;
  grid-template-columns: 1fr 2fr;
  gap: 2.4rem;
}

.c2 .c4 {
  margin-bottom: 3.2rem;
}

.c7 {
  height: 100%;
  width: 100%;
}

.c8 {
  height: 100%;
  width: 100%;
}

@media (max-width:768px) {
  .c5 {
    font-size: 4rem;
  }
}

@media (max-width:768px) {
  .c2 {
    grid-template-columns: 1fr;
  }
}

@media (max-width:768px) {
  .c3 {
    margin-bottom: 3.2rem;
  }
}

<div
  class="c0"
>
  <div
    class="c1"
  >
    <div
      class="c2"
    >
      <div
        class="c3"
      >
        <h2
          class="c4 c5"
        >
          Grid Two Column
        </h2>
        <p
          class="c6"
        >
          Lorem ipsum dolor sit amet consectetur adipisicing elit. Repellat in facere aspernatur, recusandae molestias sapiente dicta nulla inventore veritatis eligendi distinctio temporibus, qui obcaecati earum! Sunt ullam illum neque perspiciatis.
        </p>
      </div>
      <div
        class="c7"
      >
        <img
          alt="Grid Two Column"
          class="c8"
          src="assets/images/javascript.svg"
        />
      </div>
    </div>
  </div>
</div>
`;
